gcc -g p3final.c
îº§ gdb a.out
GNU gdb (Ubuntu 8.1.1-0ubuntu1) 8.1.1
Copyright (C) 2018 Free Software Foundation, Inc.
License GPLv3+: GNU GPL version 3 or later <http://gnu.org/licenses/gpl.html>
This is free software: you are free to change and redistribute it.
There is NO WARRANTY, to the extent permitted by law.  Type "show copying"
and "show warranty" for details.
This GDB was configured as "x86_64-linux-gnu".
Type "show configuration" for configuration details.
For bug reporting instructions, please see:
<http://www.gnu.org/software/gdb/bugs/>.
Find the GDB manual and other documentation resources online at:
<http://www.gnu.org/software/gdb/documentation/>.
For help, type "help".
Type "apropos word" to search for commands related to "word"...
Reading symbols from a.out...done.
(gdb) br main
Breakpoint 1 at 0x84b: file p3final.c, line 31.
(gdb) r
Starting program: /home/runner/IA2-Test1-Session2/a.out 
warning: Error disabling address space randomization: Operation not permitted

Breakpoint 1, main () at p3final.c:31
31    int num = input_number();
(gdb) s
input_number () at p3final.c:4
4   {
(gdb) n
6     printf("Enter the number:\n");
(gdb) n
Enter the number:
7     scanf("%d", &num);
(gdb) n
8
8     return num;
(gdb) n
9   }
(gdb) n
main () at p3final.c:32
32    int res = is_composite(num);
(gdb) s
is_composite (n=8) at p3final.c:13
13    for (int i = 2; i <= n/2; i++)
(gdb) n
15      if (n%i == 0)
(gdb) n
16        return 1;
(gdb) n
19  }
(gdb) n
main () at p3final.c:33
33    output(num, res);
(gdb) s
output (n=8, isComposite=1) at p3final.c:23
23    if (isComposite)
(gdb) n
24      printf("%d is a composite number\n", n);
(gdb) n
8 is a composite number
27  }
(gdb) n
main () at p3final.c:34
34    return 0;
(gdb) c
Continuing.
[Inferior 1 (process 487) exited normally]
(gdb) q