gcc -g p7final.c
gdb a.out
GNU gdb (Ubuntu 8.1.1-0ubuntu1) 8.1.1
Copyright (C) 2018 Free Software Foundation, Inc.
License GPLv3+: GNU GPL version 3 or later <http://gnu.org/licenses/gpl.html>
This is free software: you are free to change and redistribute it.
There is NO WARRANTY, to the extent permitted by law.  Type "show copying"
and "show warranty" for details.
This GDB was configured as "x86_64-linux-gnu".
Type "show configuration" for configuration details.
For bug reporting instructions, please see:
<http://www.gnu.org/software/gdb/bugs/>.
Find the GDB manual and other documentation resources online at:
<http://www.gnu.org/software/gdb/documentation/>.
For help, type "help".
Type "apropos word" to search for commands related to "word"...
Reading symbols from a.out...done.
(gdb) br main
Breakpoint 1 at 0x877: file p7final.c, line 22.
(gdb) r
Starting program: /home/runner/IA2-Test1-Session2-3/a.out 
warning: Error disabling address space randomization: Operation not permitted

Breakpoint 1, main () at p7final.c:22
22  {
(gdb) n
23    Triangle t = input_triangle();
(gdb) s
input_triangle () at p7final.c:7
7   {
(gdb) n
9     printf("Enter the base, altitude of a triangle:\n");
(gdb) n
Enter the base, altitude of a triangle:
10    scanf("%f %f", &t.base, &t.altitude);
(gdb) n
3
4
11    return t;
(gdb) n
12  }
(gdb) n
main () at p7final.c:24
24    find_area(&t);
(gdb) s
find_area (t=0x7ffe7275c2ac) at p7final.c:15
15    t->area=0.5*(t->base)*(t->altitude);
(gdb) n
16  }
(gdb) n
main () at p7final.c:25
25    output(t);
(gdb) s
output (t=...) at p7final.c:19
19    printf("The area of triangle with base=%0.3f and altitud=%0.3f is %0.3f",t.base,t.altitude,t.area);
(gdb) n
20  }
(gdb) n
main () at p7final.c:26
26    return 0;
(gdb) c
Continuing.
The area of triangle with base=3.000 and altitud=4.000 is 6.000[Inferior 1 (process 95) exited normally]
(gdb) q